
> aidash-dashboard@0.1.0 prebuild
> ../scripts/generate-api.sh


> aidash-dashboard@0.1.0 generate:api
> orval --config orval.config.ts

🍻 orval v8.35.0 - A swagger client generator for typescript
aidash - Cleaning output folder
aidash - Running afterAllFilesWrite hook...
aidash - 🎉 Aidash API - Your OpenAPI spec has been converted into ready to use orval!

> aidash-dashboard@0.1.0 build
> tsc -b && vite build

vite v6.4.3 building for production...
transforming...
✓ 1916 modules transformed.
rendering chunks...
computing gzip size...
dist/index.html                                   0.61 kB │ gzip:   0.35 kB
dist/assets/aidash-app-icon-w8skEhTr.svg          0.72 kB │ gzip:   0.42 kB
dist/assets/aidash-logo-DE-f84q5.svg              2.42 kB │ gzip:   1.13 kB
dist/assets/aidash-logo-on-dark-E5SL_MXU.svg      2.42 kB │ gzip:   1.13 kB
dist/assets/favicon-Bx4pno0B.ico                  8.32 kB
dist/assets/pdf.worker.min-Dswkl-cV.mjs       1,265.41 kB
dist/assets/style-Edzpkajg.css                    3.37 kB │ gzip:   1.10 kB
dist/assets/index-BkWE5pA-.css                  115.37 kB │ gzip:  22.51 kB
dist/assets/mini-topology-Ddp1R6sR.js             1.98 kB │ gzip:   1.05 kB
dist/assets/cytoscape-canvas-k2GjO1EY.js          3.26 kB │ gzip:   1.42 kB
dist/assets/style-fZK2qdpb.js                     3.36 kB │ gzip:   1.64 kB
dist/assets/agent-neighborhood-zIC7Io4p.js        9.56 kB │ gzip:   3.59 kB
dist/assets/details-B9vdGvHK.js                  25.01 kB │ gzip:   8.57 kB
dist/assets/settings-genR0eU2.js                 68.07 kB │ gzip:  18.12 kB
dist/assets/generation-CwFeD_B6.js              162.30 kB │ gzip:  48.30 kB
dist/assets/tanstack-0CFRceDh.js                197.93 kB │ gzip:  60.10 kB
dist/assets/mesh-canvas-T71TkY-e.js             215.93 kB │ gzip:  67.14 kB
dist/assets/cytoscape.esm-BjAbmLdb.js           443.83 kB │ gzip: 142.41 kB
dist/assets/pdf-CfP-JzcY.js                     483.14 kB │ gzip: 144.26 kB
dist/assets/index-D-6yzOqr.js                   562.78 kB │ gzip: 173.27 kB
dist/assets/exceljs.min-BWrKRFxZ.js             940.20 kB │ gzip: 271.33 kB

(!) Some chunks are larger than 500 kB after minification. Consider:
- Using dynamic import() to code-split the application
- Use build.rollupOptions.output.manualChunks to improve chunking: https://rollupjs.org/configuration-options/#output-manualchunks
- Adjust chunk size limit for this warning via build.chunkSizeWarningLimit.
✓ built in 4.15s
